

================================================================
== Vitis HLS Report for 'Crypto_Pipeline_VITIS_LOOP_63_28'
================================================================
* Date:           Tue Mar  4 14:33:24 2025

* Version:        2023.1 (Build 3854077 on May  4 2023)
* Project:        Crypto
* Solution:       solution1 (Vivado IP Flow Target)
* Product family: zynq
* Target device:  xc7z020-clg400-1


================================================================
== Performance Estimates
================================================================
+ Timing: 
    * Summary: 
    +--------+---------+----------+------------+
    |  Clock |  Target | Estimated| Uncertainty|
    +--------+---------+----------+------------+
    |ap_clk  |  8.00 ns|  4.934 ns|     2.16 ns|
    +--------+---------+----------+------------+

+ Latency: 
    * Summary: 
    +---------+---------+-----------+-----------+------+------+---------+
    |  Latency (cycles) |   Latency (absolute)  |   Interval  | Pipeline|
    |   min   |   max   |    min    |    max    |  min |  max |   Type  |
    +---------+---------+-----------+-----------+------+------+---------+
    |     4098|     4098|  32.784 us|  32.784 us|  4098|  4098|       no|
    +---------+---------+-----------+-----------+------+------+---------+

    + Detail: 
        * Instance: 
        N/A

        * Loop: 
        +-------------------+---------+---------+----------+-----------+-----------+------+----------+
        |                   |  Latency (cycles) | Iteration|  Initiation Interval  | Trip |          |
        |     Loop Name     |   min   |   max   |  Latency |  achieved |   target  | Count| Pipelined|
        +-------------------+---------+---------+----------+-----------+-----------+------+----------+
        |- VITIS_LOOP_63_2  |     4096|     4096|         1|          1|          1|  4096|       yes|
        +-------------------+---------+---------+----------+-----------+-----------+------+----------+

============================================================
+ Verbose Summary: Synthesis Manager
============================================================
InlineROM: 1
ExposeGlobal: 0
============================================================
+ Verbose Summary: CDFG Model
============================================================
IsTopModel: 0
ResetActiveHigh: 1
IsCombinational: 0
IsDatapathOnly: 0
HasWiredReturn: 1
HasMFsm: 2
HasVarLatency: 1
IsPipeline: 0
IsRtlPipelined: 0
IsInstanceOverlapped: 0
IsDontTouch: 0
HasImplIP: 0
IsGatedGlobalClock: 0

+ Individual pipeline summary: 
  * Pipeline-0: initiation interval (II) = 1, depth = 1


============================================================
+ Verbose Summary: Schedule
============================================================
* Number of FSM states : 1
* Pipeline : 1
  Pipeline-0 : II = 1, D = 1, States = { 1 }
* Dataflow Pipeline: 0

* FSM state transitions: 
1 --> 

* FSM state operations: 

State 1 <SV = 0> <Delay = 4.93>
ST_1 : Operation 4 [1/1] (0.00ns)   --->   "%j = alloca i32 1"   --->   Operation 4 'alloca' 'j' <Predicate = true> <Delay = 0.00>
ST_1 : Operation 5 [1/1] (0.00ns)   --->   "%specaxissidechannel_ln0 = specaxissidechannel void @_ssdm_op_SpecAXISSideChannel, i32 %dataInStream_V_data_V, i4 %dataInStream_V_keep_V, i4 %dataInStream_V_strb_V, i1 0, i1 %dataInStream_V_last_V, i1 0, i1 0, void @empty_6"   --->   Operation 5 'specaxissidechannel' 'specaxissidechannel_ln0' <Predicate = true> <Delay = 0.00>
ST_1 : Operation 6 [1/1] (0.00ns)   --->   "%specinterface_ln0 = specinterface void @_ssdm_op_SpecInterface, i1 %dataInStream_V_last_V, void @empty_27, i32 0, i32 0, void @empty_20, i32 0, i32 0, void @empty_28, void @empty_28, void @empty_28, i32 0, i32 0, i32 0, i32 0, void @empty_28, void @empty_28, i32 4294967295, i32 0"   --->   Operation 6 'specinterface' 'specinterface_ln0' <Predicate = true> <Delay = 0.00>
ST_1 : Operation 7 [1/1] (0.00ns)   --->   "%specinterface_ln0 = specinterface void @_ssdm_op_SpecInterface, i4 %dataInStream_V_strb_V, void @empty_27, i32 0, i32 0, void @empty_20, i32 0, i32 0, void @empty_28, void @empty_28, void @empty_28, i32 0, i32 0, i32 0, i32 0, void @empty_28, void @empty_28, i32 4294967295, i32 0"   --->   Operation 7 'specinterface' 'specinterface_ln0' <Predicate = true> <Delay = 0.00>
ST_1 : Operation 8 [1/1] (0.00ns)   --->   "%specinterface_ln0 = specinterface void @_ssdm_op_SpecInterface, i4 %dataInStream_V_keep_V, void @empty_27, i32 0, i32 0, void @empty_20, i32 0, i32 0, void @empty_28, void @empty_28, void @empty_28, i32 0, i32 0, i32 0, i32 0, void @empty_28, void @empty_28, i32 4294967295, i32 0"   --->   Operation 8 'specinterface' 'specinterface_ln0' <Predicate = true> <Delay = 0.00>
ST_1 : Operation 9 [1/1] (0.00ns)   --->   "%specinterface_ln0 = specinterface void @_ssdm_op_SpecInterface, i32 %dataInStream_V_data_V, void @empty_27, i32 0, i32 0, void @empty_20, i32 0, i32 0, void @empty_28, void @empty_28, void @empty_28, i32 0, i32 0, i32 0, i32 0, void @empty_28, void @empty_28, i32 4294967295, i32 0"   --->   Operation 9 'specinterface' 'specinterface_ln0' <Predicate = true> <Delay = 0.00>
ST_1 : Operation 10 [1/1] (0.00ns)   --->   "%RAMSel_cast_read = read i2 @_ssdm_op_Read.ap_auto.i2, i2 %RAMSel_cast"   --->   Operation 10 'read' 'RAMSel_cast_read' <Predicate = true> <Delay = 0.00>
ST_1 : Operation 11 [1/1] (1.58ns)   --->   "%store_ln0 = store i13 0, i13 %j"   --->   Operation 11 'store' 'store_ln0' <Predicate = true> <Delay = 1.58>
ST_1 : Operation 12 [1/1] (0.00ns)   --->   "%br_ln0 = br void %for.inc.2"   --->   Operation 12 'br' 'br_ln0' <Predicate = true> <Delay = 0.00>
ST_1 : Operation 13 [1/1] (0.00ns)   --->   "%j_5 = load i13 %j" [Crypto.cpp:63]   --->   Operation 13 'load' 'j_5' <Predicate = true> <Delay = 0.00>
ST_1 : Operation 14 [1/1] (1.67ns)   --->   "%icmp_ln63 = icmp_eq  i13 %j_5, i13 4096" [Crypto.cpp:63]   --->   Operation 14 'icmp' 'icmp_ln63' <Predicate = true> <Delay = 1.67> <CoreInst = "Cmp">   --->   Core 9 'Cmp' <Latency = 0> <II = 1> <Delay = 1.67> <FuncUnit> <Opcode : 'icmp'> <InPorts = 2> <OutPorts = 1>
ST_1 : Operation 15 [1/1] (1.67ns)   --->   "%add_ln63 = add i13 %j_5, i13 1" [Crypto.cpp:63]   --->   Operation 15 'add' 'add_ln63' <Predicate = true> <Delay = 1.67> <CoreInst = "Adder">   --->   Core 1 'Adder' <Latency = 0> <II = 1> <Delay = 1.67> <FuncUnit> <Opcode : 'add' 'sub'> <InPorts = 2> <OutPorts = 1>
ST_1 : Operation 16 [1/1] (0.00ns)   --->   "%br_ln63 = br i1 %icmp_ln63, void %for.inc.2.split, void %sw.epilog.loopexit.exitStub" [Crypto.cpp:63]   --->   Operation 16 'br' 'br_ln63' <Predicate = true> <Delay = 0.00>
ST_1 : Operation 17 [1/1] (0.00ns)   --->   "%zext_ln63 = zext i13 %j_5" [Crypto.cpp:63]   --->   Operation 17 'zext' 'zext_ln63' <Predicate = (!icmp_ln63)> <Delay = 0.00>
ST_1 : Operation 18 [1/1] (0.00ns)   --->   "%specpipeline_ln64 = specpipeline void @_ssdm_op_SpecPipeline, i32 4294967295, i32 0, i32 0, i32 0, void @empty_28" [Crypto.cpp:64]   --->   Operation 18 'specpipeline' 'specpipeline_ln64' <Predicate = (!icmp_ln63)> <Delay = 0.00>
ST_1 : Operation 19 [1/1] (0.00ns)   --->   "%speclooptripcount_ln65 = speclooptripcount void @_ssdm_op_SpecLoopTripCount, i64 4096, i64 4096, i64 4096" [Crypto.cpp:65]   --->   Operation 19 'speclooptripcount' 'speclooptripcount_ln65' <Predicate = (!icmp_ln63)> <Delay = 0.00>
ST_1 : Operation 20 [1/1] (0.00ns)   --->   "%specloopname_ln63 = specloopname void @_ssdm_op_SpecLoopName, void @empty_26" [Crypto.cpp:63]   --->   Operation 20 'specloopname' 'specloopname_ln63' <Predicate = (!icmp_ln63)> <Delay = 0.00>
ST_1 : Operation 21 [1/1] (0.00ns)   --->   "%empty = read i41 @_ssdm_op_Read.axis.volatile.i32P0A.i4P0A.i4P0A.i1P0A, i32 %dataInStream_V_data_V, i4 %dataInStream_V_keep_V, i4 %dataInStream_V_strb_V, i1 %dataInStream_V_last_V" [Crypto.cpp:65]   --->   Operation 21 'read' 'empty' <Predicate = (!icmp_ln63)> <Delay = 0.00> <CoreInst = "axis">   --->   Core 115 'axis' <Latency = 0> <II = 1> <Delay = 1.00> <Adapter> <Opcode : >
ST_1 : Operation 22 [1/1] (0.00ns)   --->   "%in_data_V = extractvalue i41 %empty" [Crypto.cpp:65]   --->   Operation 22 'extractvalue' 'in_data_V' <Predicate = (!icmp_ln63)> <Delay = 0.00>
ST_1 : Operation 23 [1/1] (0.00ns)   --->   "%DataRAM_2_addr = getelementptr i32 %DataRAM_2, i64 0, i64 %zext_ln63" [Crypto.cpp:66]   --->   Operation 23 'getelementptr' 'DataRAM_2_addr' <Predicate = (!icmp_ln63)> <Delay = 0.00>
ST_1 : Operation 24 [1/1] (0.00ns)   --->   "%DataRAM_5_addr = getelementptr i32 %DataRAM_5, i64 0, i64 %zext_ln63" [Crypto.cpp:66]   --->   Operation 24 'getelementptr' 'DataRAM_5_addr' <Predicate = (!icmp_ln63)> <Delay = 0.00>
ST_1 : Operation 25 [1/1] (0.00ns)   --->   "%DataRAM_8_addr = getelementptr i32 %DataRAM_8, i64 0, i64 %zext_ln63" [Crypto.cpp:66]   --->   Operation 25 'getelementptr' 'DataRAM_8_addr' <Predicate = (!icmp_ln63)> <Delay = 0.00>
ST_1 : Operation 26 [1/1] (0.00ns)   --->   "%DataRAM_11_addr = getelementptr i32 %DataRAM_11, i64 0, i64 %zext_ln63" [Crypto.cpp:66]   --->   Operation 26 'getelementptr' 'DataRAM_11_addr' <Predicate = (!icmp_ln63)> <Delay = 0.00>
ST_1 : Operation 27 [1/1] (1.86ns)   --->   "%switch_ln66 = switch i2 %RAMSel_cast_read, void %arrayidx6165.2.case.3, i2 0, void %arrayidx6165.2.case.0, i2 1, void %arrayidx6165.2.case.1, i2 2, void %arrayidx6165.2.case.2" [Crypto.cpp:66]   --->   Operation 27 'switch' 'switch_ln66' <Predicate = (!icmp_ln63)> <Delay = 1.86>
ST_1 : Operation 28 [1/1] (3.25ns)   --->   "%store_ln66 = store i32 %in_data_V, i12 %DataRAM_8_addr" [Crypto.cpp:66]   --->   Operation 28 'store' 'store_ln66' <Predicate = (!icmp_ln63 & RAMSel_cast_read == 2)> <Delay = 3.25> <CoreInst = "RAM">   --->   Core 82 'RAM' <Latency = 1> <II = 1> <Delay = 3.25> <Storage> <Opcode : 'load' 'store'> <Ports = 2> <Width = 32> <Depth = 4096> <RAM>
ST_1 : Operation 29 [1/1] (0.00ns)   --->   "%br_ln66 = br void %arrayidx6165.2.exit" [Crypto.cpp:66]   --->   Operation 29 'br' 'br_ln66' <Predicate = (!icmp_ln63 & RAMSel_cast_read == 2)> <Delay = 0.00>
ST_1 : Operation 30 [1/1] (3.25ns)   --->   "%store_ln66 = store i32 %in_data_V, i12 %DataRAM_5_addr" [Crypto.cpp:66]   --->   Operation 30 'store' 'store_ln66' <Predicate = (!icmp_ln63 & RAMSel_cast_read == 1)> <Delay = 3.25> <CoreInst = "RAM">   --->   Core 82 'RAM' <Latency = 1> <II = 1> <Delay = 3.25> <Storage> <Opcode : 'load' 'store'> <Ports = 2> <Width = 32> <Depth = 4096> <RAM>
ST_1 : Operation 31 [1/1] (0.00ns)   --->   "%br_ln66 = br void %arrayidx6165.2.exit" [Crypto.cpp:66]   --->   Operation 31 'br' 'br_ln66' <Predicate = (!icmp_ln63 & RAMSel_cast_read == 1)> <Delay = 0.00>
ST_1 : Operation 32 [1/1] (3.25ns)   --->   "%store_ln66 = store i32 %in_data_V, i12 %DataRAM_2_addr" [Crypto.cpp:66]   --->   Operation 32 'store' 'store_ln66' <Predicate = (!icmp_ln63 & RAMSel_cast_read == 0)> <Delay = 3.25> <CoreInst = "RAM">   --->   Core 82 'RAM' <Latency = 1> <II = 1> <Delay = 3.25> <Storage> <Opcode : 'load' 'store'> <Ports = 2> <Width = 32> <Depth = 4096> <RAM>
ST_1 : Operation 33 [1/1] (0.00ns)   --->   "%br_ln66 = br void %arrayidx6165.2.exit" [Crypto.cpp:66]   --->   Operation 33 'br' 'br_ln66' <Predicate = (!icmp_ln63 & RAMSel_cast_read == 0)> <Delay = 0.00>
ST_1 : Operation 34 [1/1] (3.25ns)   --->   "%store_ln66 = store i32 %in_data_V, i12 %DataRAM_11_addr" [Crypto.cpp:66]   --->   Operation 34 'store' 'store_ln66' <Predicate = (!icmp_ln63 & RAMSel_cast_read == 3)> <Delay = 3.25> <CoreInst = "RAM">   --->   Core 82 'RAM' <Latency = 1> <II = 1> <Delay = 3.25> <Storage> <Opcode : 'load' 'store'> <Ports = 2> <Width = 32> <Depth = 4096> <RAM>
ST_1 : Operation 35 [1/1] (0.00ns)   --->   "%br_ln66 = br void %arrayidx6165.2.exit" [Crypto.cpp:66]   --->   Operation 35 'br' 'br_ln66' <Predicate = (!icmp_ln63 & RAMSel_cast_read == 3)> <Delay = 0.00>
ST_1 : Operation 36 [1/1] (1.58ns)   --->   "%store_ln63 = store i13 %add_ln63, i13 %j" [Crypto.cpp:63]   --->   Operation 36 'store' 'store_ln63' <Predicate = (!icmp_ln63)> <Delay = 1.58>
ST_1 : Operation 37 [1/1] (0.00ns)   --->   "%br_ln63 = br void %for.inc.2" [Crypto.cpp:63]   --->   Operation 37 'br' 'br_ln63' <Predicate = (!icmp_ln63)> <Delay = 0.00>
ST_1 : Operation 38 [1/1] (0.00ns)   --->   "%ret_ln0 = ret"   --->   Operation 38 'ret' 'ret_ln0' <Predicate = (icmp_ln63)> <Delay = 0.00>


============================================================
+ Verbose Summary: Timing violations
============================================================
Target clock period: 8.000ns, clock uncertainty: 2.160ns.

 <State 1>: 4.934ns
The critical path consists of the following:
	'alloca' operation ('j') [10]  (0.000 ns)
	'load' operation ('j', Crypto.cpp:63) on local variable 'j' [20]  (0.000 ns)
	'add' operation ('add_ln63', Crypto.cpp:63) [22]  (1.679 ns)
	'store' operation ('store_ln63', Crypto.cpp:63) of variable 'add_ln63', Crypto.cpp:63 on local variable 'j' [49]  (1.588 ns)
	blocking operation 1.666 ns on control path)


============================================================
+ Verbose Summary: Binding
============================================================
N/A
* FSMD analyzer results:
  - Output states:
 - Input state : 
  - Chain level:
	State 1


============================================================
+ Verbose Summary: Datapath Resource usage 
============================================================
N/A
