================================================================
== Design Size Report
================================================================

* Instructions per Function for each Compilation Phase
+----------------------+-------------------+-------------------+-----------------+----------------------+------------------+
| Function             | Location          | Compile/Link      | Unroll/Inline   | Performance/Pipeline | Optimizations    |
+----------------------+-------------------+-------------------+-----------------+----------------------+------------------+
| + Crypto             | Crypto.cpp:11     | 23,271            | 1,252           | 8,636                | 8,675            |
|    ADD_MOD           | Arithmetic.cpp:38 |    858 (3 calls)  |    72 (3 calls) |                      |                  |
|    SUB_MOD           | Arithmetic.cpp:51 |    900 (3 calls)  |    63 (3 calls) |                      |                  |
|  + MUL_MOD           | Arithmetic.cpp:61 | 20,952 (4 calls)  |   680 (4 calls) | 5,750 (50 calls)     | 5,800 (50 calls) |
|     STEPMUL          | Arithmetic.cpp:8  | 17,520 (12 calls) |                 |                      |                  |
|  + apply_bit_reverse | Utils.cpp:19      |     82 (2 calls)  |    90 (2 calls) |                      |                  |
|     bit_reverse      | Utils.cpp:9       |     32 (2 calls)  |    42 (2 calls) |                      |                  |
+----------------------+-------------------+-------------------+-----------------+----------------------+------------------+

* Description of Compilation Phases
+----------------------+------------------------------------------------------------+
| Compilation Phase    | Description                                                |
+----------------------+------------------------------------------------------------+
| Compile/Link         | All functions are compiled and linked into a single design |
| Unroll/Inline        | After user unroll and inline pragmas are applied           |
| Performance/Pipeline | After performance and pipeline pragmas are applied         |
| Optimizations        | After high level synthesis optimizations                   |
+----------------------+------------------------------------------------------------+

* Design Size Message Settings
+---------------------------------------------+--------+------------------------------------------------------------------+
| Message Setting                             | Value  | Description                                                      |
+---------------------------------------------+--------+------------------------------------------------------------------+
| config_compile -design_size_maximum_warning | 100000 | Show a warning when total design instructions exceeds this value |
+---------------------------------------------+--------+------------------------------------------------------------------+


