

================================================================
== Vitis HLS Report for 'generate_input_index'
================================================================
* Date:           Thu Mar 27 00:01:10 2025

* Version:        2023.1 (Build 3854077 on May  4 2023)
* Project:        Crypto
* Solution:       solution1 (Vivado IP Flow Target)
* Product family: zynq
* Target device:  xc7z020-clg400-1


================================================================
== Performance Estimates
================================================================
+ Timing: 
    * Summary: 
    +--------+---------+----------+------------+
    |  Clock |  Target | Estimated| Uncertainty|
    +--------+---------+----------+------------+
    |ap_clk  |  8.00 ns|  4.494 ns|     2.16 ns|
    +--------+---------+----------+------------+

+ Latency: 
    * Summary: 
    +---------+---------+----------+----------+-----+-----+---------+
    |  Latency (cycles) |  Latency (absolute) |  Interval | Pipeline|
    |   min   |   max   |    min   |    max   | min | max |   Type  |
    +---------+---------+----------+----------+-----+-----+---------+
    |       34|       34|  0.272 us|  0.272 us|   34|   34|       no|
    +---------+---------+----------+----------+-----+-----+---------+

    + Detail: 
        * Instance: 
        N/A

        * Loop: 
        N/A



================================================================
== Utilization Estimates
================================================================
* Summary: 
+-----------------+---------+-----+--------+-------+-----+
|       Name      | BRAM_18K| DSP |   FF   |  LUT  | URAM|
+-----------------+---------+-----+--------+-------+-----+
|DSP              |        -|    -|       -|      -|    -|
|Expression       |        -|    -|       0|   1541|    -|
|FIFO             |        -|    -|       -|      -|    -|
|Instance         |        -|    -|       -|      -|    -|
|Memory           |        -|    -|       -|      -|    -|
|Multiplexer      |        -|    -|       -|    747|    -|
|Register         |        -|    -|     250|      -|    -|
+-----------------+---------+-----+--------+-------+-----+
|Total            |        0|    0|     250|   2288|    0|
+-----------------+---------+-----+--------+-------+-----+
|Available        |      280|  220|  106400|  53200|    0|
+-----------------+---------+-----+--------+-------+-----+
|Utilization (%)  |        0|    0|      ~0|      4|    0|
+-----------------+---------+-----+--------+-------+-----+

+ Detail: 
    * Instance: 
    N/A

    * DSP: 
    N/A

    * Memory: 
    N/A

    * FIFO: 
    N/A

    * Expression: 
    +-------------------------+----------+----+---+-----+------------+------------+
    |      Variable Name      | Operation| DSP| FF| LUT | Bitwidth P0| Bitwidth P1|
    +-------------------------+----------+----+---+-----+------------+------------+
    |add_ln206_fu_890_p2      |         +|   0|  0|   13|           4|           4|
    |add_ln209_fu_914_p2      |         +|   0|  0|   13|           5|           1|
    |index_100_fu_2683_p2     |         +|   0|  0|   14|           6|           6|
    |index_101_fu_2723_p2     |         +|   0|  0|   14|           6|           6|
    |index_102_fu_2739_p2     |         +|   0|  0|   14|           6|           6|
    |index_103_fu_2784_p2     |         +|   0|  0|   14|           6|           6|
    |index_104_fu_2800_p2     |         +|   0|  0|   14|           6|           6|
    |index_105_fu_2846_p2     |         +|   0|  0|   14|           6|           6|
    |index_106_fu_2884_p2     |         +|   0|  0|   14|           6|           6|
    |index_107_fu_2919_p2     |         +|   0|  0|   14|           6|           6|
    |index_108_fu_2954_p2     |         +|   0|  0|   14|           6|           6|
    |index_109_fu_2986_p2     |         +|   0|  0|   14|           6|           6|
    |index_110_fu_3018_p2     |         +|   0|  0|   14|           6|           6|
    |index_111_fu_3059_p2     |         +|   0|  0|   14|           6|           6|
    |index_112_fu_3086_p2     |         +|   0|  0|   14|           6|           6|
    |index_113_fu_3154_p2     |         +|   0|  0|   14|           6|           6|
    |index_114_fu_3183_p2     |         +|   0|  0|   14|           6|           6|
    |index_115_fu_3218_p2     |         +|   0|  0|   14|           6|           6|
    |index_116_fu_3244_p2     |         +|   0|  0|   14|           6|           6|
    |index_117_fu_3275_p2     |         +|   0|  0|   14|           6|           6|
    |index_118_fu_3300_p2     |         +|   0|  0|   14|           6|           6|
    |index_119_fu_3331_p2     |         +|   0|  0|   14|           6|           6|
    |index_120_fu_3357_p2     |         +|   0|  0|   14|           6|           6|
    |index_121_fu_3388_p2     |         +|   0|  0|   14|           6|           6|
    |index_122_fu_2457_p2     |         +|   0|  0|   14|           6|           6|
    |index_123_fu_1476_p2     |         +|   0|  0|   14|           6|           6|
    |index_124_fu_1496_p2     |         +|   0|  0|   14|           6|           6|
    |index_125_fu_1522_p2     |         +|   0|  0|   14|           6|           6|
    |index_64_fu_1538_p2      |         +|   0|  0|   14|           6|           6|
    |index_65_fu_1108_p2      |         +|   0|  0|   14|           6|           6|
    |index_66_fu_1556_p2      |         +|   0|  0|   14|           6|           6|
    |index_67_fu_1609_p2      |         +|   0|  0|   14|           6|           6|
    |index_68_fu_1631_p2      |         +|   0|  0|   14|           6|           6|
    |index_69_fu_1660_p2      |         +|   0|  0|   14|           6|           6|
    |index_70_fu_1678_p2      |         +|   0|  0|   14|           6|           6|
    |index_71_fu_1724_p2      |         +|   0|  0|   14|           6|           6|
    |index_72_fu_1742_p2      |         +|   0|  0|   14|           6|           6|
    |index_73_fu_1796_p2      |         +|   0|  0|   14|           6|           6|
    |index_74_fu_1826_p2      |         +|   0|  0|   14|           6|           6|
    |index_75_fu_1871_p2      |         +|   0|  0|   14|           6|           6|
    |index_76_fu_1893_p2      |         +|   0|  0|   14|           6|           6|
    |index_77_fu_1922_p2      |         +|   0|  0|   14|           6|           6|
    |index_78_fu_1940_p2      |         +|   0|  0|   14|           6|           6|
    |index_79_fu_1986_p2      |         +|   0|  0|   14|           6|           6|
    |index_80_fu_2006_p2      |         +|   0|  0|   14|           6|           6|
    |index_81_fu_2053_p2      |         +|   0|  0|   14|           6|           6|
    |index_82_fu_2073_p2      |         +|   0|  0|   14|           6|           6|
    |index_83_fu_2125_p2      |         +|   0|  0|   14|           6|           6|
    |index_84_fu_2165_p2      |         +|   0|  0|   14|           6|           6|
    |index_85_fu_2210_p2      |         +|   0|  0|   14|           6|           6|
    |index_86_fu_2240_p2      |         +|   0|  0|   14|           6|           6|
    |index_87_fu_2288_p2      |         +|   0|  0|   14|           6|           6|
    |index_88_fu_2319_p2      |         +|   0|  0|   14|           6|           6|
    |index_89_fu_2364_p2      |         +|   0|  0|   14|           6|           6|
    |index_90_fu_2401_p2      |         +|   0|  0|   14|           6|           6|
    |index_91_fu_2440_p2      |         +|   0|  0|   14|           6|           6|
    |index_92_fu_2485_p2      |         +|   0|  0|   14|           6|           6|
    |index_93_fu_1352_p2      |         +|   0|  0|   14|           6|           6|
    |index_94_fu_2499_p2      |         +|   0|  0|   14|           6|           6|
    |index_95_fu_2538_p2      |         +|   0|  0|   14|           6|           6|
    |index_96_fu_2554_p2      |         +|   0|  0|   14|           6|           6|
    |index_97_fu_2594_p2      |         +|   0|  0|   14|           6|           6|
    |index_98_fu_2612_p2      |         +|   0|  0|   14|           6|           6|
    |index_99_fu_2657_p2      |         +|   0|  0|   14|           6|           6|
    |index_fu_1000_p2         |         +|   0|  0|   14|           6|           6|
    |mask1_fu_936_p2          |         +|   0|  0|   14|           6|           2|
    |dis_log_fu_908_p2        |         -|   0|  0|   13|           3|           5|
    |mask2_fu_941_p2          |         -|   0|  0|   14|           1|           6|
    |icmp_ln206_fu_884_p2     |      icmp|   0|  0|   13|           4|           3|
    |or_ln219_100_fu_2520_p2  |        or|   0|  0|    5|           5|           5|
    |or_ln219_101_fu_2576_p2  |        or|   0|  0|    5|           5|           5|
    |or_ln219_102_fu_2639_p2  |        or|   0|  0|    5|           5|           5|
    |or_ln219_103_fu_2670_p2  |        or|   0|  0|    4|           4|           4|
    |or_ln219_104_fu_2705_p2  |        or|   0|  0|    5|           5|           5|
    |or_ln219_105_fu_2766_p2  |        or|   0|  0|    5|           5|           5|
    |or_ln219_106_fu_2828_p2  |        or|   0|  0|    5|           5|           5|
    |or_ln219_107_fu_2871_p2  |        or|   0|  0|    5|           5|           5|
    |or_ln219_108_fu_2901_p2  |        or|   0|  0|    5|           5|           5|
    |or_ln219_109_fu_2941_p2  |        or|   0|  0|    5|           5|           5|
    |or_ln219_110_fu_2968_p2  |        or|   0|  0|    5|           5|           5|
    |or_ln219_111_fu_3005_p2  |        or|   0|  0|    5|           5|           5|
    |or_ln219_112_fu_3042_p2  |        or|   0|  0|    5|           5|           5|
    |or_ln219_113_fu_3073_p2  |        or|   0|  0|    5|           5|           5|
    |or_ln219_114_fu_3137_p2  |        or|   0|  0|    5|           5|           5|
    |or_ln219_115_fu_3170_p2  |        or|   0|  0|    5|           5|           5|
    |or_ln219_116_fu_3200_p2  |        or|   0|  0|    5|           5|           5|
    |or_ln219_117_fu_3231_p2  |        or|   0|  0|    5|           5|           5|
    |or_ln219_118_fu_3257_p2  |        or|   0|  0|    5|           5|           5|
    |or_ln219_119_fu_3287_p2  |        or|   0|  0|    5|           5|           5|
    |or_ln219_11_fu_1596_p2   |        or|   0|  0|    3|           3|           3|
    |or_ln219_120_fu_3313_p2  |        or|   0|  0|    5|           5|           5|
    |or_ln219_121_fu_3344_p2  |        or|   0|  0|    5|           5|           5|
    |or_ln219_122_fu_3370_p2  |        or|   0|  0|    5|           5|           5|
    |or_ln219_123_fu_2445_p2  |        or|   0|  0|    5|           5|           5|
    |or_ln219_124_fu_1456_p2  |        or|   0|  0|    5|           5|           5|
    |or_ln219_125_fu_1482_p2  |        or|   0|  0|    5|           5|           5|
    |or_ln219_126_fu_1502_p2  |        or|   0|  0|    5|           5|           5|
    |or_ln219_14_fu_1615_p2   |        or|   0|  0|    2|           2|           2|
    |or_ln219_17_fu_1637_p2   |        or|   0|  0|    2|           2|           2|
    |or_ln219_20_fu_1648_p2   |        or|   0|  0|    3|           3|           3|
    |or_ln219_23_fu_1699_p2   |        or|   0|  0|    3|           3|           3|
    |or_ln219_26_fu_1711_p2   |        or|   0|  0|    4|           4|           4|
    |or_ln219_29_fu_1771_p2   |        or|   0|  0|    3|           3|           3|
    |or_ln219_2_fu_976_p2     |        or|   0|  0|    2|           1|           1|
    |or_ln219_32_fu_1783_p2   |        or|   0|  0|    4|           4|           4|
    |or_ln219_35_fu_1809_p2   |        or|   0|  0|    3|           3|           3|
    |or_ln219_38_fu_1847_p2   |        or|   0|  0|    3|           3|           3|
    |or_ln219_41_fu_1858_p2   |        or|   0|  0|    4|           4|           4|
    |or_ln219_44_fu_1877_p2   |        or|   0|  0|    3|           3|           3|
    |or_ln219_47_fu_1899_p2   |        or|   0|  0|    3|           3|           3|
    |or_ln219_48_fu_2532_p2   |        or|   0|  0|    6|           6|           6|
    |or_ln219_50_fu_1910_p2   |        or|   0|  0|    4|           4|           4|
    |or_ln219_51_fu_2588_p2   |        or|   0|  0|    6|           6|           6|
    |or_ln219_53_fu_1961_p2   |        or|   0|  0|    4|           4|           4|
    |or_ln219_54_fu_2651_p2   |        or|   0|  0|    6|           6|           6|
    |or_ln219_56_fu_1973_p2   |        or|   0|  0|    5|           5|           5|
    |or_ln219_57_fu_2717_p2   |        or|   0|  0|    6|           6|           6|
    |or_ln219_59_fu_2028_p2   |        or|   0|  0|    4|           4|           4|
    |or_ln219_5_fu_1084_p2    |        or|   0|  0|    2|           2|           2|
    |or_ln219_60_fu_2778_p2   |        or|   0|  0|    6|           6|           6|
    |or_ln219_62_fu_2040_p2   |        or|   0|  0|    5|           5|           5|
    |or_ln219_63_fu_2840_p2   |        or|   0|  0|    6|           6|           6|
    |or_ln219_65_fu_2100_p2   |        or|   0|  0|    4|           4|           4|
    |or_ln219_66_fu_2913_p2   |        or|   0|  0|    6|           6|           6|
    |or_ln219_68_fu_2112_p2   |        or|   0|  0|    5|           5|           5|
    |or_ln219_69_fu_2980_p2   |        or|   0|  0|    6|           6|           6|
    |or_ln219_71_fu_2148_p2   |        or|   0|  0|    4|           4|           4|
    |or_ln219_72_fu_3053_p2   |        or|   0|  0|    6|           6|           6|
    |or_ln219_74_fu_2186_p2   |        or|   0|  0|    4|           4|           4|
    |or_ln219_75_fu_3148_p2   |        or|   0|  0|    6|           6|           6|
    |or_ln219_77_fu_2197_p2   |        or|   0|  0|    5|           5|           5|
    |or_ln219_78_fu_3212_p2   |        or|   0|  0|    6|           6|           6|
    |or_ln219_80_fu_2223_p2   |        or|   0|  0|    4|           4|           4|
    |or_ln219_81_fu_3269_p2   |        or|   0|  0|    6|           6|           6|
    |or_ln219_83_fu_2264_p2   |        or|   0|  0|    4|           4|           4|
    |or_ln219_84_fu_3325_p2   |        or|   0|  0|    6|           6|           6|
    |or_ln219_86_fu_2275_p2   |        or|   0|  0|    5|           5|           5|
    |or_ln219_87_fu_3382_p2   |        or|   0|  0|    6|           6|           6|
    |or_ln219_89_fu_2302_p2   |        or|   0|  0|    4|           4|           4|
    |or_ln219_8_fu_1584_p2    |        or|   0|  0|    2|           2|           2|
    |or_ln219_90_fu_1470_p2   |        or|   0|  0|    6|           6|           6|
    |or_ln219_91_fu_2340_p2   |        or|   0|  0|    4|           4|           4|
    |or_ln219_92_fu_2351_p2   |        or|   0|  0|    5|           5|           5|
    |or_ln219_93_fu_1516_p2   |        or|   0|  0|    6|           6|           6|
    |or_ln219_94_fu_2384_p2   |        or|   0|  0|    4|           4|           4|
    |or_ln219_95_fu_2415_p2   |        or|   0|  0|    4|           4|           4|
    |or_ln219_96_fu_2427_p2   |        or|   0|  0|    5|           5|           5|
    |or_ln219_97_fu_2469_p2   |        or|   0|  0|    4|           4|           4|
    |or_ln219_98_fu_1324_p2   |        or|   0|  0|    4|           4|           4|
    |or_ln219_99_fu_1338_p2   |        or|   0|  0|    5|           5|           5|
    |or_ln219_fu_1062_p2      |        or|   0|  0|    2|           1|           1|
    |stage_cnt_fu_900_p3      |    select|   0|  0|    5|           1|           5|
    |shl_ln209_fu_923_p2      |       shl|   0|  0|  100|           1|          32|
    |temp2_fu_966_p2          |       shl|   0|  0|  100|           1|          32|
    +-------------------------+----------+----+---+-----+------------+------------+
    |Total                    |          |   0|  0| 1541|         776|         840|
    +-------------------------+----------+----+---+-----+------------+------------+

    * Multiplexer: 
    +-------------------------+-----+-----------+-----+-----------+
    |           Name          | LUT | Input Size| Bits| Total Bits|
    +-------------------------+-----+-----------+-----+-----------+
    |ap_NS_fsm                |  159|         36|    1|         36|
    |output_indices_address0  |  147|         33|    6|        198|
    |output_indices_address1  |  147|         33|    6|        198|
    |output_indices_d0        |  147|         33|    6|        198|
    |output_indices_d1        |  147|         33|    6|        198|
    +-------------------------+-----+-----------+-----+-----------+
    |Total                    |  747|        168|   25|        828|
    +-------------------------+-----+-----------+-----+-----------+

    * Register: 
    +------------------------+----+----+-----+-----------+
    |          Name          | FF | LUT| Bits| Const Bits|
    +------------------------+----+----+-----+-----------+
    |and_ln219_11_reg_3911   |   2|   0|    3|          1|
    |and_ln219_24_reg_3916   |   3|   0|    4|          1|
    |and_ln219_25_reg_3921   |   2|   0|    4|          2|
    |and_ln219_28_reg_3926   |   2|   0|    4|          2|
    |and_ln219_31_reg_3931   |   3|   0|    4|          1|
    |and_ln219_55_reg_3956   |   2|   0|    5|          3|
    |and_ln219_57_reg_3961   |   3|   0|    5|          2|
    |and_ln219_67_reg_3891   |   4|   0|    5|          1|
    |ap_CS_fsm               |  35|   0|   35|          0|
    |dis_log_reg_3393        |   5|   0|    5|          0|
    |index_107_reg_3946      |   6|   0|    6|          0|
    |index_109_reg_3951      |   6|   0|    6|          0|
    |index_115_reg_3966      |   6|   0|    6|          0|
    |index_116_reg_3971      |   6|   0|    6|          0|
    |index_117_reg_3976      |   6|   0|    6|          0|
    |index_118_reg_3981      |   6|   0|    6|          0|
    |index_119_reg_3986      |   6|   0|    6|          0|
    |index_120_reg_3991      |   6|   0|    6|          0|
    |index_121_reg_3996      |   6|   0|    6|          0|
    |index_122_reg_3941      |   6|   0|    6|          0|
    |index_123_reg_3896      |   6|   0|    6|          0|
    |index_124_reg_3901      |   6|   0|    6|          0|
    |index_125_reg_3906      |   6|   0|    6|          0|
    |index_65_reg_3565       |   6|   0|    6|          0|
    |index_91_reg_3936       |   6|   0|    6|          0|
    |index_93_reg_3795       |   6|   0|    6|          0|
    |index_reg_3509          |   6|   0|    6|          0|
    |tmp_10_reg_3664         |   2|   0|    2|          0|
    |tmp_12_reg_3584         |   1|   0|    1|          0|
    |tmp_14_reg_3601         |   1|   0|    1|          0|
    |tmp_16_reg_3613         |   2|   0|    2|          0|
    |tmp_18_reg_3620         |   1|   0|    1|          0|
    |tmp_1_reg_3514          |   1|   0|    1|          0|
    |tmp_22_reg_3636         |   1|   0|    1|          0|
    |tmp_24_reg_3656         |   1|   0|    1|          0|
    |tmp_26_reg_3672         |   2|   0|    2|          0|
    |tmp_28_reg_3680         |   2|   0|    2|          0|
    |tmp_2_reg_3549          |   1|   0|    1|          0|
    |tmp_30_reg_3686         |   3|   0|    3|          0|
    |tmp_31_reg_3692         |   1|   0|    1|          0|
    |tmp_32_reg_3712         |   1|   0|    1|          0|
    |tmp_33_reg_3734         |   1|   0|    1|          0|
    |tmp_34_reg_3745         |   1|   0|    1|          0|
    |tmp_35_reg_3770         |   2|   0|    2|          0|
    |tmp_36_reg_3778         |   2|   0|    2|          0|
    |tmp_37_reg_3784         |   3|   0|    3|          0|
    |tmp_38_reg_3790         |   3|   0|    3|          0|
    |tmp_40_reg_3800         |   1|   0|    1|          0|
    |tmp_41_reg_3827         |   1|   0|    1|          0|
    |tmp_43_reg_3863         |   2|   0|    2|          0|
    |tmp_44_reg_3871         |   2|   0|    2|          0|
    |tmp_45_reg_3879         |   3|   0|    3|          0|
    |tmp_46_reg_3885         |   3|   0|    3|          0|
    |tmp_8_reg_3607          |   3|   0|    3|          0|
    |tmp_9_reg_3570          |   1|   0|    1|          0|
    |trunc_ln209_reg_3399    |   6|   0|    6|          0|
    |trunc_ln210_1_reg_3484  |   2|   0|    2|          0|
    |trunc_ln210_2_reg_3495  |   3|   0|    3|          0|
    |trunc_ln210_3_reg_3503  |   4|   0|    4|          0|
    |trunc_ln210_reg_3466    |   1|   0|    1|          0|
    |trunc_ln219_2_reg_3527  |   4|   0|    4|          0|
    |trunc_ln219_3_reg_3532  |   3|   0|    3|          0|
    |trunc_ln219_4_reg_3539  |   2|   0|    2|          0|
    |trunc_ln219_5_reg_3595  |   2|   0|    2|          0|
    |trunc_ln219_6_reg_3648  |   3|   0|    3|          0|
    |trunc_ln219_7_reg_3723  |   4|   0|    4|          0|
    |trunc_ln219_8_reg_3845  |   5|   0|    5|          0|
    +------------------------+----+----+-----+-----------+
    |Total                   | 250|   0|  263|         13|
    +------------------------+----+----+-----+-----------+



================================================================
== Interface
================================================================
* Summary: 
+-------------------------+-----+-----+------------+----------------------+--------------+
|        RTL Ports        | Dir | Bits|  Protocol  |     Source Object    |    C Type    |
+-------------------------+-----+-----+------------+----------------------+--------------+
|ap_clk                   |   in|    1|  ap_ctrl_hs|  generate_input_index|  return value|
|ap_rst                   |   in|    1|  ap_ctrl_hs|  generate_input_index|  return value|
|ap_start                 |   in|    1|  ap_ctrl_hs|  generate_input_index|  return value|
|ap_done                  |  out|    1|  ap_ctrl_hs|  generate_input_index|  return value|
|ap_idle                  |  out|    1|  ap_ctrl_hs|  generate_input_index|  return value|
|ap_ready                 |  out|    1|  ap_ctrl_hs|  generate_input_index|  return value|
|stage                    |   in|    4|     ap_none|                 stage|        scalar|
|address                  |   in|    6|     ap_none|               address|        scalar|
|output_indices_address0  |  out|    6|   ap_memory|        output_indices|         array|
|output_indices_ce0       |  out|    1|   ap_memory|        output_indices|         array|
|output_indices_we0       |  out|    1|   ap_memory|        output_indices|         array|
|output_indices_d0        |  out|    6|   ap_memory|        output_indices|         array|
|output_indices_address1  |  out|    6|   ap_memory|        output_indices|         array|
|output_indices_ce1       |  out|    1|   ap_memory|        output_indices|         array|
|output_indices_we1       |  out|    1|   ap_memory|        output_indices|         array|
|output_indices_d1        |  out|    6|   ap_memory|        output_indices|         array|
+-------------------------+-----+-----+------------+----------------------+--------------+

